 
****************************************
Report : constraint
        -all_violators
Design : system
Version: X-2025.06-SP1
Date   : Sat Nov  8 14:55:59 2025
****************************************


   min_capacitance

                             Required        Actual
   Net                      Capacitance    Capacitance       Slack
   -----------------------------------------------------------------
   o_uart0_rx                 0.1500         0.0029        -0.1471  (VIOLATED)
   o_uart1_rx                 0.1500         0.0029        -0.1471  (VIOLATED)
   u_boot_mem_wrapper/u_boot_mem/cs7   0.1500   0.0049     -0.1451  (VIOLATED)
   u_boot_mem_wrapper/u_boot_mem/ram_select[1]   0.1500   0.0049  -0.1451 (VIOLATED)
   u_boot_mem_wrapper/u_boot_mem/ram_select[2]   0.1500   0.0049  -0.1451 (VIOLATED)
   u_boot_mem_wrapper/u_boot_mem/ram_select[3]   0.1500   0.0049  -0.1451 (VIOLATED)
   u_boot_mem_wrapper/u_boot_mem/ram_select[4]   0.1500   0.0049  -0.1451 (VIOLATED)
   u_boot_mem_wrapper/u_boot_mem/ram_select[5]   0.1500   0.0049  -0.1451 (VIOLATED)
   u_boot_mem_wrapper/u_boot_mem/ram_select[6]   0.1500   0.0049  -0.1451 (VIOLATED)
   u_boot_mem_wrapper/u_boot_mem/ram_select[7]   0.1500   0.0049  -0.1451 (VIOLATED)
   u_amber0/u_fetch/u_cache/tag_wenable_way[0]   0.1500   0.0089  -0.1411 (VIOLATED)
   u_amber0/u_fetch/u_cache/tag_wenable_way[1]   0.1500   0.0089  -0.1411 (VIOLATED)
   u_amber0/u_fetch/u_cache/tag_wenable_way[2]   0.1500   0.0089  -0.1411 (VIOLATED)
   u_amber0/u_fetch/u_cache/tag_wenable_way[3]   0.1500   0.0089  -0.1411 (VIOLATED)
   u_amber0/u_mem/u_dcache/tag_wenable_way[0]   0.1500   0.0089  -0.1411 (VIOLATED)
   u_amber0/u_mem/u_dcache/tag_wenable_way[1]   0.1500   0.0089  -0.1411 (VIOLATED)
   u_amber0/u_mem/u_dcache/tag_wenable_way[2]   0.1500   0.0089  -0.1411 (VIOLATED)
   u_amber0/u_mem/u_dcache/tag_wenable_way[3]   0.1500   0.0089  -0.1411 (VIOLATED)
   u_amber1/u_fetch/u_cache/tag_wenable_way[0]   0.1500   0.0089  -0.1411 (VIOLATED)
   u_amber1/u_fetch/u_cache/tag_wenable_way[1]   0.1500   0.0089  -0.1411 (VIOLATED)
   u_amber1/u_fetch/u_cache/tag_wenable_way[2]   0.1500   0.0089  -0.1411 (VIOLATED)
   u_amber1/u_fetch/u_cache/tag_wenable_way[3]   0.1500   0.0089  -0.1411 (VIOLATED)
   u_amber1/u_mem/u_dcache/tag_wenable_way[0]   0.1500   0.0089  -0.1411 (VIOLATED)
   u_amber1/u_mem/u_dcache/tag_wenable_way[1]   0.1500   0.0089  -0.1411 (VIOLATED)
   u_amber1/u_mem/u_dcache/tag_wenable_way[2]   0.1500   0.0089  -0.1411 (VIOLATED)
   u_amber1/u_mem/u_dcache/tag_wenable_way[3]   0.1500   0.0089  -0.1411 (VIOLATED)
   u_eth_top/wishbone/bd_ram/N2   0.1500     0.0089        -0.1411  (VIOLATED)
   u_amber0/u_fetch/u_cache/tag_wdata[0]   0.1500   0.0204  -0.1296 (VIOLATED)
   u_amber0/u_fetch/u_cache/tag_wdata[1]   0.1500   0.0204  -0.1296 (VIOLATED)
   u_amber0/u_fetch/u_cache/tag_wdata[2]   0.1500   0.0204  -0.1296 (VIOLATED)
   u_amber0/u_fetch/u_cache/tag_wdata[3]   0.1500   0.0204  -0.1296 (VIOLATED)
   u_amber0/u_fetch/u_cache/tag_wdata[4]   0.1500   0.0204  -0.1296 (VIOLATED)
   u_amber0/u_fetch/u_cache/tag_wdata[5]   0.1500   0.0204  -0.1296 (VIOLATED)
   u_amber0/u_fetch/u_cache/tag_wdata[6]   0.1500   0.0204  -0.1296 (VIOLATED)
   u_amber0/u_fetch/u_cache/tag_wdata[7]   0.1500   0.0204  -0.1296 (VIOLATED)
   u_amber0/u_fetch/u_cache/tag_wdata[8]   0.1500   0.0204  -0.1296 (VIOLATED)
   u_amber0/u_fetch/u_cache/tag_wdata[9]   0.1500   0.0204  -0.1296 (VIOLATED)
   u_amber0/u_fetch/u_cache/tag_wdata[10]   0.1500   0.0204  -0.1296 (VIOLATED)
   u_amber0/u_fetch/u_cache/tag_wdata[11]   0.1500   0.0204  -0.1296 (VIOLATED)
   u_amber0/u_fetch/u_cache/tag_wdata[12]   0.1500   0.0204  -0.1296 (VIOLATED)
   u_amber0/u_fetch/u_cache/tag_wdata[13]   0.1500   0.0204  -0.1296 (VIOLATED)
   u_amber0/u_fetch/u_cache/tag_wdata[14]   0.1500   0.0204  -0.1296 (VIOLATED)
   u_amber0/u_fetch/u_cache/tag_wdata[15]   0.1500   0.0204  -0.1296 (VIOLATED)
   u_amber0/u_fetch/u_cache/tag_wdata[16]   0.1500   0.0204  -0.1296 (VIOLATED)
   u_amber0/u_fetch/u_cache/tag_wdata[17]   0.1500   0.0204  -0.1296 (VIOLATED)
   u_amber0/u_fetch/u_cache/tag_wdata[18]   0.1500   0.0204  -0.1296 (VIOLATED)
   u_amber0/u_fetch/u_cache/tag_wdata[19]   0.1500   0.0204  -0.1296 (VIOLATED)
   u_amber0/u_mem/u_dcache/tag_wdata[0]   0.1500   0.0204  -0.1296  (VIOLATED)
   u_amber0/u_mem/u_dcache/tag_wdata[1]   0.1500   0.0204  -0.1296  (VIOLATED)
   u_amber0/u_mem/u_dcache/tag_wdata[2]   0.1500   0.0204  -0.1296  (VIOLATED)
   u_amber0/u_mem/u_dcache/tag_wdata[3]   0.1500   0.0204  -0.1296  (VIOLATED)
   u_amber0/u_mem/u_dcache/tag_wdata[4]   0.1500   0.0204  -0.1296  (VIOLATED)
   u_amber0/u_mem/u_dcache/tag_wdata[5]   0.1500   0.0204  -0.1296  (VIOLATED)
   u_amber0/u_mem/u_dcache/tag_wdata[6]   0.1500   0.0204  -0.1296  (VIOLATED)
   u_amber0/u_mem/u_dcache/tag_wdata[7]   0.1500   0.0204  -0.1296  (VIOLATED)
   u_amber0/u_mem/u_dcache/tag_wdata[8]   0.1500   0.0204  -0.1296  (VIOLATED)
   u_amber0/u_mem/u_dcache/tag_wdata[9]   0.1500   0.0204  -0.1296  (VIOLATED)
   u_amber0/u_mem/u_dcache/tag_wdata[10]   0.1500   0.0204  -0.1296 (VIOLATED)
   u_amber0/u_mem/u_dcache/tag_wdata[11]   0.1500   0.0204  -0.1296 (VIOLATED)
   u_amber0/u_mem/u_dcache/tag_wdata[12]   0.1500   0.0204  -0.1296 (VIOLATED)
   u_amber0/u_mem/u_dcache/tag_wdata[13]   0.1500   0.0204  -0.1296 (VIOLATED)
   u_amber0/u_mem/u_dcache/tag_wdata[14]   0.1500   0.0204  -0.1296 (VIOLATED)
   u_amber0/u_mem/u_dcache/tag_wdata[15]   0.1500   0.0204  -0.1296 (VIOLATED)
   u_amber0/u_mem/u_dcache/tag_wdata[16]   0.1500   0.0204  -0.1296 (VIOLATED)
   u_amber0/u_mem/u_dcache/tag_wdata[17]   0.1500   0.0204  -0.1296 (VIOLATED)
   u_amber0/u_mem/u_dcache/tag_wdata[18]   0.1500   0.0204  -0.1296 (VIOLATED)
   u_amber0/u_mem/u_dcache/tag_wdata[19]   0.1500   0.0204  -0.1296 (VIOLATED)
   u_amber1/u_fetch/u_cache/tag_wdata[0]   0.1500   0.0204  -0.1296 (VIOLATED)
   u_amber1/u_fetch/u_cache/tag_wdata[1]   0.1500   0.0204  -0.1296 (VIOLATED)
   u_amber1/u_fetch/u_cache/tag_wdata[2]   0.1500   0.0204  -0.1296 (VIOLATED)
   u_amber1/u_fetch/u_cache/tag_wdata[3]   0.1500   0.0204  -0.1296 (VIOLATED)
   u_amber1/u_fetch/u_cache/tag_wdata[4]   0.1500   0.0204  -0.1296 (VIOLATED)
   u_amber1/u_fetch/u_cache/tag_wdata[5]   0.1500   0.0204  -0.1296 (VIOLATED)
   u_amber1/u_fetch/u_cache/tag_wdata[6]   0.1500   0.0204  -0.1296 (VIOLATED)
   u_amber1/u_fetch/u_cache/tag_wdata[7]   0.1500   0.0204  -0.1296 (VIOLATED)
   u_amber1/u_fetch/u_cache/tag_wdata[8]   0.1500   0.0204  -0.1296 (VIOLATED)
   u_amber1/u_fetch/u_cache/tag_wdata[9]   0.1500   0.0204  -0.1296 (VIOLATED)
   u_amber1/u_fetch/u_cache/tag_wdata[10]   0.1500   0.0204  -0.1296 (VIOLATED)
   u_amber1/u_fetch/u_cache/tag_wdata[11]   0.1500   0.0204  -0.1296 (VIOLATED)
   u_amber1/u_fetch/u_cache/tag_wdata[12]   0.1500   0.0204  -0.1296 (VIOLATED)
   u_amber1/u_fetch/u_cache/tag_wdata[13]   0.1500   0.0204  -0.1296 (VIOLATED)
   u_amber1/u_fetch/u_cache/tag_wdata[14]   0.1500   0.0204  -0.1296 (VIOLATED)
   u_amber1/u_fetch/u_cache/tag_wdata[15]   0.1500   0.0204  -0.1296 (VIOLATED)
   u_amber1/u_fetch/u_cache/tag_wdata[16]   0.1500   0.0204  -0.1296 (VIOLATED)
   u_amber1/u_fetch/u_cache/tag_wdata[17]   0.1500   0.0204  -0.1296 (VIOLATED)
   u_amber1/u_fetch/u_cache/tag_wdata[18]   0.1500   0.0204  -0.1296 (VIOLATED)
   u_amber1/u_fetch/u_cache/tag_wdata[19]   0.1500   0.0204  -0.1296 (VIOLATED)
   u_amber1/u_mem/u_dcache/tag_wdata[0]   0.1500   0.0204  -0.1296  (VIOLATED)
   u_amber1/u_mem/u_dcache/tag_wdata[1]   0.1500   0.0204  -0.1296  (VIOLATED)
   u_amber1/u_mem/u_dcache/tag_wdata[2]   0.1500   0.0204  -0.1296  (VIOLATED)
   u_amber1/u_mem/u_dcache/tag_wdata[3]   0.1500   0.0204  -0.1296  (VIOLATED)
   u_amber1/u_mem/u_dcache/tag_wdata[4]   0.1500   0.0204  -0.1296  (VIOLATED)
   u_amber1/u_mem/u_dcache/tag_wdata[5]   0.1500   0.0204  -0.1296  (VIOLATED)
   u_amber1/u_mem/u_dcache/tag_wdata[6]   0.1500   0.0204  -0.1296  (VIOLATED)
   u_amber1/u_mem/u_dcache/tag_wdata[7]   0.1500   0.0204  -0.1296  (VIOLATED)
   u_amber1/u_mem/u_dcache/tag_wdata[8]   0.1500   0.0204  -0.1296  (VIOLATED)
   u_amber1/u_mem/u_dcache/tag_wdata[9]   0.1500   0.0204  -0.1296  (VIOLATED)
   u_amber1/u_mem/u_dcache/tag_wdata[10]   0.1500   0.0204  -0.1296 (VIOLATED)
   u_amber1/u_mem/u_dcache/tag_wdata[11]   0.1500   0.0204  -0.1296 (VIOLATED)
   u_amber1/u_mem/u_dcache/tag_wdata[12]   0.1500   0.0204  -0.1296 (VIOLATED)
   u_amber1/u_mem/u_dcache/tag_wdata[13]   0.1500   0.0204  -0.1296 (VIOLATED)
   u_amber1/u_mem/u_dcache/tag_wdata[14]   0.1500   0.0204  -0.1296 (VIOLATED)
   u_amber1/u_mem/u_dcache/tag_wdata[15]   0.1500   0.0204  -0.1296 (VIOLATED)
   u_amber1/u_mem/u_dcache/tag_wdata[16]   0.1500   0.0204  -0.1296 (VIOLATED)
   u_amber1/u_mem/u_dcache/tag_wdata[17]   0.1500   0.0204  -0.1296 (VIOLATED)
   u_amber1/u_mem/u_dcache/tag_wdata[18]   0.1500   0.0204  -0.1296 (VIOLATED)
   u_amber1/u_mem/u_dcache/tag_wdata[19]   0.1500   0.0204  -0.1296 (VIOLATED)
   u_amber0/u_fetch/u_cache/n172   0.1500    0.0284        -0.1216  (VIOLATED)
   u_amber0/u_fetch/u_cache/n173   0.1500    0.0284        -0.1216  (VIOLATED)
   u_amber0/u_fetch/u_cache/n174   0.1500    0.0284        -0.1216  (VIOLATED)
   u_amber0/u_fetch/u_cache/n175   0.1500    0.0284        -0.1216  (VIOLATED)
   u_amber0/u_fetch/u_cache/n176   0.1500    0.0284        -0.1216  (VIOLATED)
   u_amber0/u_fetch/u_cache/n177   0.1500    0.0284        -0.1216  (VIOLATED)
   u_amber0/u_fetch/u_cache/n178   0.1500    0.0284        -0.1216  (VIOLATED)
   u_amber0/u_fetch/u_cache/n179   0.1500    0.0284        -0.1216  (VIOLATED)
   u_amber0/u_mem/u_dcache/tag_address[0]   0.1500   0.0284  -0.1216 (VIOLATED)
   u_amber0/u_mem/u_dcache/tag_address[1]   0.1500   0.0284  -0.1216 (VIOLATED)
   u_amber0/u_mem/u_dcache/tag_address[2]   0.1500   0.0284  -0.1216 (VIOLATED)
   u_amber0/u_mem/u_dcache/tag_address[3]   0.1500   0.0284  -0.1216 (VIOLATED)
   u_amber0/u_mem/u_dcache/tag_address[4]   0.1500   0.0284  -0.1216 (VIOLATED)
   u_amber0/u_mem/u_dcache/tag_address[5]   0.1500   0.0284  -0.1216 (VIOLATED)
   u_amber0/u_mem/u_dcache/tag_address[6]   0.1500   0.0284  -0.1216 (VIOLATED)
   u_amber0/u_mem/u_dcache/tag_address[7]   0.1500   0.0284  -0.1216 (VIOLATED)
   u_amber1/u_fetch/u_cache/n274   0.1500    0.0284        -0.1216  (VIOLATED)
   u_amber1/u_fetch/u_cache/n275   0.1500    0.0284        -0.1216  (VIOLATED)
   u_amber1/u_fetch/u_cache/n276   0.1500    0.0284        -0.1216  (VIOLATED)
   u_amber1/u_fetch/u_cache/n277   0.1500    0.0284        -0.1216  (VIOLATED)
   u_amber1/u_fetch/u_cache/n278   0.1500    0.0284        -0.1216  (VIOLATED)
   u_amber1/u_fetch/u_cache/n279   0.1500    0.0284        -0.1216  (VIOLATED)
   u_amber1/u_fetch/u_cache/n280   0.1500    0.0284        -0.1216  (VIOLATED)
   u_amber1/u_fetch/u_cache/n281   0.1500    0.0284        -0.1216  (VIOLATED)
   u_amber1/u_mem/u_dcache/tag_address[0]   0.1500   0.0284  -0.1216 (VIOLATED)
   u_amber1/u_mem/u_dcache/tag_address[1]   0.1500   0.0284  -0.1216 (VIOLATED)
   u_amber1/u_mem/u_dcache/tag_address[2]   0.1500   0.0284  -0.1216 (VIOLATED)
   u_amber1/u_mem/u_dcache/tag_address[3]   0.1500   0.0284  -0.1216 (VIOLATED)
   u_amber1/u_mem/u_dcache/tag_address[4]   0.1500   0.0284  -0.1216 (VIOLATED)
   u_amber1/u_mem/u_dcache/tag_address[5]   0.1500   0.0284  -0.1216 (VIOLATED)
   u_amber1/u_mem/u_dcache/tag_address[6]   0.1500   0.0284  -0.1216 (VIOLATED)
   u_amber1/u_mem/u_dcache/tag_address[7]   0.1500   0.0284  -0.1216 (VIOLATED)
   s_wb_dat_w_1__0_           0.1500         0.0543        -0.0957  (VIOLATED)
   s_wb_dat_w_1__1_           0.1500         0.0543        -0.0957  (VIOLATED)
   s_wb_dat_w_1__2_           0.1500         0.0543        -0.0957  (VIOLATED)
   s_wb_dat_w_1__3_           0.1500         0.0543        -0.0957  (VIOLATED)
   s_wb_dat_w_1__4_           0.1500         0.0543        -0.0957  (VIOLATED)
   s_wb_dat_w_1__5_           0.1500         0.0543        -0.0957  (VIOLATED)
   s_wb_dat_w_1__6_           0.1500         0.0543        -0.0957  (VIOLATED)
   s_wb_dat_w_1__7_           0.1500         0.0543        -0.0957  (VIOLATED)
   s_wb_dat_w_1__8_           0.1500         0.0543        -0.0957  (VIOLATED)
   s_wb_dat_w_1__9_           0.1500         0.0543        -0.0957  (VIOLATED)
   s_wb_dat_w_1__10_          0.1500         0.0543        -0.0957  (VIOLATED)
   s_wb_dat_w_1__11_          0.1500         0.0543        -0.0957  (VIOLATED)
   s_wb_dat_w_1__12_          0.1500         0.0543        -0.0957  (VIOLATED)
   s_wb_dat_w_1__13_          0.1500         0.0543        -0.0957  (VIOLATED)
   s_wb_dat_w_1__14_          0.1500         0.0543        -0.0957  (VIOLATED)
   s_wb_dat_w_1__15_          0.1500         0.0543        -0.0957  (VIOLATED)
   s_wb_dat_w_1__16_          0.1500         0.0543        -0.0957  (VIOLATED)
   s_wb_dat_w_1__17_          0.1500         0.0543        -0.0957  (VIOLATED)
   s_wb_dat_w_1__18_          0.1500         0.0543        -0.0957  (VIOLATED)
   s_wb_dat_w_1__19_          0.1500         0.0543        -0.0957  (VIOLATED)
   s_wb_dat_w_1__20_          0.1500         0.0543        -0.0957  (VIOLATED)
   s_wb_dat_w_1__21_          0.1500         0.0543        -0.0957  (VIOLATED)
   s_wb_dat_w_1__22_          0.1500         0.0543        -0.0957  (VIOLATED)
   s_wb_dat_w_1__23_          0.1500         0.0543        -0.0957  (VIOLATED)
   s_wb_dat_w_1__24_          0.1500         0.0543        -0.0957  (VIOLATED)
   s_wb_dat_w_1__25_          0.1500         0.0543        -0.0957  (VIOLATED)
   s_wb_dat_w_1__26_          0.1500         0.0543        -0.0957  (VIOLATED)
   s_wb_dat_w_1__27_          0.1500         0.0543        -0.0957  (VIOLATED)
   s_wb_dat_w_1__28_          0.1500         0.0543        -0.0957  (VIOLATED)
   s_wb_dat_w_1__29_          0.1500         0.0543        -0.0957  (VIOLATED)
   s_wb_dat_w_1__30_          0.1500         0.0543        -0.0957  (VIOLATED)
   s_wb_dat_w_1__31_          0.1500         0.0543        -0.0957  (VIOLATED)
   s_wb_adr_1__7_             0.1500         0.0703        -0.0797  (VIOLATED)
   s_wb_adr_1__8_             0.1500         0.0703        -0.0797  (VIOLATED)
   s_wb_adr_1__9_             0.1500         0.0703        -0.0797  (VIOLATED)
   u_boot_mem_wrapper/u_boot_mem/start_write   0.1500   0.0943  -0.0557 (VIOLATED)

   -----------------------------------------------------------------
   Total                      175             -21.4725  

1
