 
****************************************
Report : threshold voltage group
        -analysis_effort low
Design : system
Version: X-2025.06-SP1
Date   : Sat Nov  8 14:55:49 2025
****************************************

********************************************************************************
                        Threshold Voltage Group Report                         
********************************************************************************

Information: Propagating switching activity (low effort zero delay simulation). (PWR-6)
Warning: There is no defined clock in the design. (PWR-80)
Warning: Design has unannotated primary inputs. (PWR-414)
Warning: Design has unannotated sequential cell outputs. (PWR-415)
Warning: Design has unannotated black box outputs. (PWR-428)

Vth Group                All                Blackbox           Non-blackbox
Name                    cells                cells                cells
********************************************************************************
undefined           49294 (100.00%)         25 (100.00%)      49269 (100.00%)   
********************************************************************************

Vth Group                All                Blackbox           Non-blackbox
Name                  cell area            cell area            cell area
********************************************************************************
undefined        91593.23 (100.00%)   66715.88 (100.00%)   24877.35 (100.00%)   
********************************************************************************

Vth Group                All                Blackbox           Non-blackbox
Name                 cell leakage        cell leakage          cell leakage
********************************************************************************
undefined       971.586uW (100.00%)    1.241uW (100.00%)  970.345uW (100.00%)   
********************************************************************************

1
