 
****************************************
Report : timing
        -path full
        -delay max
        -input_pins
        -max_paths 1
        -transition_time
        -capacitance
Design : system
Version: X-2025.06-SP1
Date   : Sat Nov  8 14:55:59 2025
****************************************

Operating Conditions: tt0p8v25c_i0p8v   Library: saed14lvt_dlvl_tt0p8v25c_i0p8v
Wire Load Model Mode: top

  Startpoint: u_eth_top/miim1/outctrl/Mdo_reg
              (rising edge-triggered flip-flop)
  Endpoint: md_pad_io (output port)
  Path Group: (none)
  Path Type: max

  Des/Clust/Port     Wire Load Model       Library
  ------------------------------------------------
  system             140000                saed14lvt_dlvl_tt0p8v25c_i0p8v

  Point                                                  Cap     Trans      Incr       Path
  --------------------------------------------------------------------------------------------
  u_eth_top/miim1/outctrl/Mdo_reg/CK (SAEDRVT14_FDPRBQ_V2_4)    0.0973    0.0000     0.0000 r
  u_eth_top/miim1/outctrl/Mdo_reg/Q (SAEDRVT14_FDPRBQ_V2_4)  47.3703   0.0412   0.0748   0.0748 r
  u_eth_top/miim1/outctrl/Mdo (eth_outputcontrol)                         0.0000     0.0748 r
  u_eth_top/miim1/Mdo (eth_miim)                                          0.0000     0.0748 r
  u_eth_top/md_pad_o (eth_top)                                            0.0000     0.0748 r
  u_iobuf/I (generic_iobuf)                                               0.0000     0.0748 r
  u_iobuf/IO_tri/DIN (D4I1025_EW)                               0.0412   11.1083    11.1831 r
  u_iobuf/IO_tri/PADIO (D4I1025_EW)                 907.8868    0.0624    0.3077    11.4907 r
  u_iobuf/IO (generic_iobuf)                        907.8868              0.0000    11.4907 r
  md_pad_io (inout)                                 907.8868    0.0624    0.0004    11.4911 r
  data arrival time                                                                 11.4911
  --------------------------------------------------------------------------------------------
  (Path is unconstrained)


1
