Warning: Design 'system' has '5' unresolved references. For more detailed information, use the "link" command. (UID-341)
 
****************************************
Report : timing
        -path full
        -delay max
        -input_pins
        -max_paths 1
        -transition_time
        -capacitance
Design : system
Version: X-2025.06-SP1
Date   : Mon Nov 24 14:09:46 2025
****************************************

 # A fanout number of 1000 was used for high fanout net computations.

Operating Conditions: tt0p8v25c_i0p8v   Library: saed14lvt_dlvl_tt0p8v25c_i0p8v
Wire Load Model Mode: top

  Startpoint: u_amber1/u_execute/status_bits_mode_rds_oh_reg\[2\]/CK
              (internal path startpoint clocked by BRD_CLK_P)
  Endpoint: u_amber1/u_execute/o_daddress_reg\[31\]
            (rising edge-triggered flip-flop clocked by BRD_CLK_P)
  Path Group: BRD_CLK_P
  Path Type: max

  Des/Clust/Port     Wire Load Model       Library
  ------------------------------------------------
  system             70000                 saed14lvt_dlvl_tt0p8v25c_i0p8v

  Point                                                                     Cap     Trans      Incr       Path
  ---------------------------------------------------------------------------------------------------------------
  clock BRD_CLK_P (rise edge)                                                                0.0000     0.0000
  clock network delay (ideal)                                                                0.0000     0.0000
  input external delay                                                                       0.0000     0.0000 r
  u_amber1/u_execute/status_bits_mode_rds_oh_reg\[2\]/CK (SAEDLVT14_LSRDPQ_2)      0.0000    0.0000 #   0.0000 r
  u_amber1/u_execute/status_bits_mode_rds_oh_reg\[2\]/Q (SAEDLVT14_LSRDPQ_2)   1.3374   0.0063   0.0124   0.0124 r
  u_amber1/u_execute/u_register_bank/i_mode_rds_exec\[2\] (a25_register_bank_0)              0.0000     0.0124 r
  u_amber1/u_execute/u_register_bank/U108/A1 (SAEDHVT14_NR2_1)                     0.0063    0.0670     0.0794 r
  u_amber1/u_execute/u_register_bank/U108/X (SAEDHVT14_NR2_1)            1.2637    0.0088    0.0095     0.0890 f
  u_amber1/u_execute/u_register_bank/U511/A2 (SAEDHVT14_ND2_MM_0P5)                0.0088    0.0690     0.1580 f
  u_amber1/u_execute/u_register_bank/U511/X (SAEDHVT14_ND2_MM_0P5)       1.7516    0.0153    0.0164     0.1744 r
  u_amber1/u_execute/u_register_bank/U479/A1 (SAEDRVT14_AO2BB2_4)                  0.0153    0.0867     0.2610 r
  u_amber1/u_execute/u_register_bank/U479/X (SAEDRVT14_AO2BB2_4)         0.4479    0.0019    0.0183     0.2793 f
  u_amber1/u_execute/u_register_bank/U100/A2 (SAEDRVT14_OR4_2)                     0.0019    0.0826     0.3619 f
  u_amber1/u_execute/u_register_bank/U100/X (SAEDRVT14_OR4_2)            0.3815    0.0030    0.0145     0.3765 f
  u_amber1/u_execute/u_register_bank/U1524/A4 (SAEDLVT14_OR4_1)                    0.0030    0.0704     0.4468 f
  u_amber1/u_execute/u_register_bank/U1524/X (SAEDLVT14_OR4_1)           0.2945    0.0026    0.0119     0.4587 f
  u_amber1/u_execute/u_register_bank/U936/A1 (SAEDHVT14_OR4_1)                     0.0026    0.0543     0.5130 f
  u_amber1/u_execute/u_register_bank/U936/X (SAEDHVT14_OR4_1)            0.2992    0.0040    0.0124     0.5254 f
  u_amber1/u_execute/u_register_bank/U534/A1 (SAEDHVT14_OR4_2)                     0.0040    0.0552     0.5806 f
  u_amber1/u_execute/u_register_bank/U534/X (SAEDHVT14_OR4_2)            0.4429    0.0034    0.0129     0.5935 f
  u_amber1/u_execute/u_register_bank/U562/B (SAEDRVT14_AO21_U_0P5)                 0.0034    0.0452     0.6387 f
  u_amber1/u_execute/u_register_bank/U562/X (SAEDRVT14_AO21_U_0P5)       0.4143    0.0041    0.0111     0.6497 f
  u_amber1/u_execute/u_register_bank/o_rs\[4\] (a25_register_bank_0)                         0.0000     0.6497 f
  u_amber1/u_execute/U270/D1 (SAEDRVT14_MUX2_1)                                    0.0041    0.0443     0.6940 f
  u_amber1/u_execute/U270/X (SAEDRVT14_MUX2_1)                           0.2618    0.0027    0.0121     0.7062 f
  u_amber1/u_execute/U138/A1 (SAEDLVT14_AO32_1)                                    0.0027    0.0483     0.7545 f
  u_amber1/u_execute/U138/X (SAEDLVT14_AO32_1)                           1.4409    0.0052    0.0125     0.7670 f
  u_amber1/u_execute/u_barrel_shift/i_shift_amount\[4\] (a25_barrel_shift_0)                 0.0000     0.7670 f
  u_amber1/u_execute/u_barrel_shift/U252/A1 (SAEDHVT14_ND2_MM_0P5)                 0.0052    0.1036     0.8706 f
  u_amber1/u_execute/u_barrel_shift/U252/X (SAEDHVT14_ND2_MM_0P5)        1.5058    0.0134    0.0125     0.8832 r
  u_amber1/u_execute/u_barrel_shift/U76/A1 (SAEDRVT14_AO2BB2_V1_2)                 0.0134    0.1008     0.9840 r
  u_amber1/u_execute/u_barrel_shift/U76/X (SAEDRVT14_AO2BB2_V1_2)        0.2470    0.0018    0.0202     1.0042 f
  u_amber1/u_execute/u_barrel_shift/U345/B (SAEDRVT14_AOI21_0P75)                  0.0018    0.0456     1.0498 f
  u_amber1/u_execute/u_barrel_shift/U345/X (SAEDRVT14_AOI21_0P75)        0.4771    0.0080    0.0064     1.0562 r
  u_amber1/u_execute/u_barrel_shift/U323/B (SAEDHVT14_AO21B_0P5)                   0.0080    0.0510     1.1072 r
  u_amber1/u_execute/u_barrel_shift/U323/X (SAEDHVT14_AO21B_0P5)         0.3233    0.0045    0.0061     1.1134 f
  u_amber1/u_execute/u_barrel_shift/U358/A1 (SAEDHVT14_ND2_ECO_1)                  0.0045    0.0596     1.1730 f
  u_amber1/u_execute/u_barrel_shift/U358/X (SAEDHVT14_ND2_ECO_1)         0.3462    0.0089    0.0065     1.1795 r
  u_amber1/u_execute/u_barrel_shift/U547/B (SAEDRVT14_OA21_MM_1)                   0.0089    0.0639     1.2433 r
  u_amber1/u_execute/u_barrel_shift/U547/X (SAEDRVT14_OA21_MM_1)         0.2372    0.0032    0.0135     1.2569 r
  u_amber1/u_execute/u_barrel_shift/U80/B (SAEDHVT14_OAI21_0P5)                    0.0032    0.0438     1.3006 r
  u_amber1/u_execute/u_barrel_shift/U80/X (SAEDHVT14_OAI21_0P5)          0.2846    0.0056    0.0063     1.3069 f
  u_amber1/u_execute/u_barrel_shift/U537/B (SAEDHVT14_OA21B_1)                     0.0056    0.0525     1.3594 f
  u_amber1/u_execute/u_barrel_shift/U537/X (SAEDHVT14_OA21B_1)           0.5040    0.0050    0.0062     1.3657 r
  u_amber1/u_execute/u_barrel_shift/U542/A1 (SAEDRVT14_OAI22_0P5)                  0.0050    0.0472     1.4129 r
  u_amber1/u_execute/u_barrel_shift/U542/X (SAEDRVT14_OAI22_0P5)         0.3695    0.0092    0.0082     1.4210 f
  u_amber1/u_execute/u_barrel_shift/U153/A2 (SAEDLVT14_OR3_1)                      0.0092    0.0682     1.4892 f
  u_amber1/u_execute/u_barrel_shift/U153/X (SAEDLVT14_OR3_1)             0.2470    0.0022    0.0106     1.4998 f
  u_amber1/u_execute/u_barrel_shift/U580/B (SAEDRVT14_AOI21_0P75)                  0.0022    0.0456     1.5454 f
  u_amber1/u_execute/u_barrel_shift/U580/X (SAEDRVT14_AOI21_0P75)        0.2372    0.0052    0.0053     1.5507 r
  u_amber1/u_execute/u_barrel_shift/U300/B (SAEDHVT14_OAI21_0P5)                   0.0052    0.0438     1.5944 r
  u_amber1/u_execute/u_barrel_shift/U300/X (SAEDHVT14_OAI21_0P5)         0.6463    0.0083    0.0091     1.6035 f
  u_amber1/u_execute/u_barrel_shift/o_out\[1\] (a25_barrel_shift_0)                          0.0000     1.6035 f
  u_amber1/u_execute/u_alu/i_b_in\[1\] (a25_alu_0)                                           0.0000     1.6035 f
  u_amber1/u_execute/u_alu/U113/B1 (SAEDHVT14_OAI22_0P75)                          0.0083    0.0477     1.6512 f
  u_amber1/u_execute/u_alu/U113/X (SAEDHVT14_OAI22_0P75)                 0.4151    0.0114    0.0122     1.6635 r
  u_amber1/u_execute/u_alu/U100/S (SAEDRVT14_MUXI2_2)                              0.0114    0.0766     1.7400 r
  u_amber1/u_execute/u_alu/U100/X (SAEDRVT14_MUXI2_2)                    0.6593    0.0020    0.0160     1.7560 f
  u_amber1/u_execute/u_alu/add_x_8/A\[1\] (a25_alu_0_DW01_add_J10_0_0)                       0.0000     1.7560 f
  u_amber1/u_execute/u_alu/add_x_8/U113/B (SAEDRVT14_ADDF_V2_0P5)                  0.0020    0.1216     1.8776 f
  u_amber1/u_execute/u_alu/add_x_8/U113/CO (SAEDRVT14_ADDF_V2_0P5)       0.3800    0.0046    0.0225     1.9001 f
  u_amber1/u_execute/u_alu/add_x_8/U126/A (SAEDLVT14_ADDF_V2_0P5)                  0.0046    0.0701     1.9702 f
  u_amber1/u_execute/u_alu/add_x_8/U126/CO (SAEDLVT14_ADDF_V2_0P5)       0.3800    0.0039    0.0202     1.9904 f
  u_amber1/u_execute/u_alu/add_x_8/U159/A (SAEDLVT14_ADDF_V2_0P5)                  0.0039    0.0701     2.0605 f
  u_amber1/u_execute/u_alu/add_x_8/U159/CO (SAEDLVT14_ADDF_V2_0P5)       0.3800    0.0039    0.0199     2.0804 f
  u_amber1/u_execute/u_alu/add_x_8/U110/A (SAEDLVT14_ADDF_V2_0P5)                  0.0039    0.0701     2.1505 f
  u_amber1/u_execute/u_alu/add_x_8/U110/CO (SAEDLVT14_ADDF_V2_0P5)       0.3800    0.0039    0.0199     2.1704 f
  u_amber1/u_execute/u_alu/add_x_8/U142/A (SAEDLVT14_ADDF_V2_0P5)                  0.0039    0.0701     2.2405 f
  u_amber1/u_execute/u_alu/add_x_8/U142/CO (SAEDLVT14_ADDF_V2_0P5)       0.3800    0.0039    0.0199     2.2604 f
  u_amber1/u_execute/u_alu/add_x_8/U132/A (SAEDLVT14_ADDF_V2_0P5)                  0.0039    0.0701     2.3305 f
  u_amber1/u_execute/u_alu/add_x_8/U132/CO (SAEDLVT14_ADDF_V2_0P5)       0.3800    0.0039    0.0199     2.3505 f
  u_amber1/u_execute/u_alu/add_x_8/U141/A (SAEDLVT14_ADDF_V2_0P5)                  0.0039    0.0701     2.4206 f
  u_amber1/u_execute/u_alu/add_x_8/U141/CO (SAEDLVT14_ADDF_V2_0P5)       0.3800    0.0039    0.0199     2.4405 f
  u_amber1/u_execute/u_alu/add_x_8/U131/A (SAEDLVT14_ADDF_V2_0P5)                  0.0039    0.0701     2.5106 f
  u_amber1/u_execute/u_alu/add_x_8/U131/CO (SAEDLVT14_ADDF_V2_0P5)       0.3800    0.0039    0.0199     2.5305 f
  u_amber1/u_execute/u_alu/add_x_8/U144/A (SAEDLVT14_ADDF_V2_0P5)                  0.0039    0.0701     2.6006 f
  u_amber1/u_execute/u_alu/add_x_8/U144/CO (SAEDLVT14_ADDF_V2_0P5)       0.3800    0.0039    0.0199     2.6205 f
  u_amber1/u_execute/u_alu/add_x_8/U146/A (SAEDLVT14_ADDF_V2_0P5)                  0.0039    0.0701     2.6906 f
  u_amber1/u_execute/u_alu/add_x_8/U146/CO (SAEDLVT14_ADDF_V2_0P5)       0.8517    0.0055    0.0217     2.7123 f
  u_amber1/u_execute/u_alu/add_x_8/U166/A1 (SAEDHVT14_ND2_ECO_1)                   0.0055    0.0763     2.7886 f
  u_amber1/u_execute/u_alu/add_x_8/U166/X (SAEDHVT14_ND2_ECO_1)          0.2372    0.0043    0.0064     2.7950 r
  u_amber1/u_execute/u_alu/add_x_8/U147/B (SAEDHVT14_OAI21_0P5)                    0.0043    0.0438     2.8387 r
  u_amber1/u_execute/u_alu/add_x_8/U147/X (SAEDHVT14_OAI21_0P5)          0.3800    0.0063    0.0073     2.8460 f
  u_amber1/u_execute/u_alu/add_x_8/U138/A (SAEDLVT14_ADDF_V2_0P5)                  0.0063    0.0701     2.9161 f
  u_amber1/u_execute/u_alu/add_x_8/U138/CO (SAEDLVT14_ADDF_V2_0P5)       0.8687    0.0056    0.0227     2.9388 f
  u_amber1/u_execute/u_alu/add_x_8/U157/A1 (SAEDHVT14_ND2_ECO_1)                   0.0056    0.0763     3.0151 f
  u_amber1/u_execute/u_alu/add_x_8/U157/X (SAEDHVT14_ND2_ECO_1)          0.2372    0.0043    0.0064     3.0215 r
  u_amber1/u_execute/u_alu/add_x_8/U140/B (SAEDHVT14_OAI21_0P5)                    0.0043    0.0438     3.0653 r
  u_amber1/u_execute/u_alu/add_x_8/U140/X (SAEDHVT14_OAI21_0P5)          0.3800    0.0062    0.0073     3.0726 f
  u_amber1/u_execute/u_alu/add_x_8/U149/A (SAEDLVT14_ADDF_V2_0P5)                  0.0062    0.0701     3.1427 f
  u_amber1/u_execute/u_alu/add_x_8/U149/CO (SAEDLVT14_ADDF_V2_0P5)       0.3800    0.0039    0.0209     3.1636 f
  u_amber1/u_execute/u_alu/add_x_8/U143/A (SAEDLVT14_ADDF_V2_0P5)                  0.0039    0.0701     3.2337 f
  u_amber1/u_execute/u_alu/add_x_8/U143/CO (SAEDLVT14_ADDF_V2_0P5)       0.3800    0.0039    0.0199     3.2536 f
  u_amber1/u_execute/u_alu/add_x_8/U150/A (SAEDLVT14_ADDF_V2_0P5)                  0.0039    0.0701     3.3237 f
  u_amber1/u_execute/u_alu/add_x_8/U150/CO (SAEDLVT14_ADDF_V2_0P5)       0.6109    0.0047    0.0208     3.3445 f
  u_amber1/u_execute/u_alu/add_x_8/U164/A1 (SAEDHVT14_ND2_ECO_1)                   0.0047    0.0692     3.4138 f
  u_amber1/u_execute/u_alu/add_x_8/U164/X (SAEDHVT14_ND2_ECO_1)          0.3233    0.0047    0.0065     3.4202 r
  u_amber1/u_execute/u_alu/add_x_8/U155/A1 (SAEDHVT14_ND2_ECO_1)                   0.0047    0.0596     3.4798 r
  u_amber1/u_execute/u_alu/add_x_8/U155/X (SAEDHVT14_ND2_ECO_1)          0.3800    0.0047    0.0058     3.4857 f
  u_amber1/u_execute/u_alu/add_x_8/U135/A (SAEDLVT14_ADDF_V2_0P5)                  0.0047    0.0701     3.5557 f
  u_amber1/u_execute/u_alu/add_x_8/U135/CO (SAEDLVT14_ADDF_V2_0P5)       0.6109    0.0047    0.0212     3.5769 f
  u_amber1/u_execute/u_alu/add_x_8/U161/A1 (SAEDHVT14_ND2_ECO_1)                   0.0047    0.0692     3.6462 f
  u_amber1/u_execute/u_alu/add_x_8/U161/X (SAEDHVT14_ND2_ECO_1)          0.3233    0.0047    0.0065     3.6526 r
  u_amber1/u_execute/u_alu/add_x_8/U152/A1 (SAEDHVT14_ND2_ECO_1)                   0.0047    0.0596     3.7123 r
  u_amber1/u_execute/u_alu/add_x_8/U152/X (SAEDHVT14_ND2_ECO_1)          0.3800    0.0047    0.0058     3.7181 f
  u_amber1/u_execute/u_alu/add_x_8/U136/A (SAEDLVT14_ADDF_V2_0P5)                  0.0047    0.0701     3.7882 f
  u_amber1/u_execute/u_alu/add_x_8/U136/CO (SAEDLVT14_ADDF_V2_0P5)       0.6109    0.0047    0.0212     3.8093 f
  u_amber1/u_execute/u_alu/add_x_8/U162/A1 (SAEDHVT14_ND2_ECO_1)                   0.0047    0.0692     3.8786 f
  u_amber1/u_execute/u_alu/add_x_8/U162/X (SAEDHVT14_ND2_ECO_1)          0.3233    0.0047    0.0065     3.8850 r
  u_amber1/u_execute/u_alu/add_x_8/U153/A1 (SAEDHVT14_ND2_ECO_1)                   0.0047    0.0596     3.9447 r
  u_amber1/u_execute/u_alu/add_x_8/U153/X (SAEDHVT14_ND2_ECO_1)          0.3800    0.0047    0.0058     3.9505 f
  u_amber1/u_execute/u_alu/add_x_8/U134/A (SAEDLVT14_ADDF_V2_0P5)                  0.0047    0.0701     4.0206 f
  u_amber1/u_execute/u_alu/add_x_8/U134/CO (SAEDLVT14_ADDF_V2_0P5)       0.6109    0.0047    0.0212     4.0417 f
  u_amber1/u_execute/u_alu/add_x_8/U160/A1 (SAEDHVT14_ND2_ECO_1)                   0.0047    0.0692     4.1110 f
  u_amber1/u_execute/u_alu/add_x_8/U160/X (SAEDHVT14_ND2_ECO_1)          0.3233    0.0047    0.0065     4.1174 r
  u_amber1/u_execute/u_alu/add_x_8/U151/A1 (SAEDHVT14_ND2_ECO_1)                   0.0047    0.0596     4.1771 r
  u_amber1/u_execute/u_alu/add_x_8/U151/X (SAEDHVT14_ND2_ECO_1)          0.3800    0.0047    0.0058     4.1829 f
  u_amber1/u_execute/u_alu/add_x_8/U158/A (SAEDLVT14_ADDF_V2_0P5)                  0.0047    0.0701     4.2530 f
  u_amber1/u_execute/u_alu/add_x_8/U158/CO (SAEDLVT14_ADDF_V2_0P5)       0.8687    0.0056    0.0220     4.2750 f
  u_amber1/u_execute/u_alu/add_x_8/U156/A1 (SAEDHVT14_ND2_ECO_1)                   0.0056    0.0763     4.3513 f
  u_amber1/u_execute/u_alu/add_x_8/U156/X (SAEDHVT14_ND2_ECO_1)          0.2372    0.0043    0.0064     4.3577 r
  u_amber1/u_execute/u_alu/add_x_8/U139/B (SAEDHVT14_OAI21_0P5)                    0.0043    0.0438     4.4015 r
  u_amber1/u_execute/u_alu/add_x_8/U139/X (SAEDHVT14_OAI21_0P5)          0.3800    0.0063    0.0073     4.4088 f
  u_amber1/u_execute/u_alu/add_x_8/U148/A (SAEDLVT14_ADDF_V2_0P5)                  0.0063    0.0701     4.4789 f
  u_amber1/u_execute/u_alu/add_x_8/U148/CO (SAEDLVT14_ADDF_V2_0P5)       0.6109    0.0047    0.0218     4.5007 f
  u_amber1/u_execute/u_alu/add_x_8/U163/A1 (SAEDHVT14_ND2_ECO_1)                   0.0047    0.0692     4.5700 f
  u_amber1/u_execute/u_alu/add_x_8/U163/X (SAEDHVT14_ND2_ECO_1)          0.3233    0.0047    0.0064     4.5764 r
  u_amber1/u_execute/u_alu/add_x_8/U154/A1 (SAEDHVT14_ND2_ECO_1)                   0.0047    0.0596     4.6360 r
  u_amber1/u_execute/u_alu/add_x_8/U154/X (SAEDHVT14_ND2_ECO_1)          0.3800    0.0047    0.0058     4.6418 f
  u_amber1/u_execute/u_alu/add_x_8/U137/A (SAEDLVT14_ADDF_V2_0P5)                  0.0047    0.0701     4.7119 f
  u_amber1/u_execute/u_alu/add_x_8/U137/CO (SAEDLVT14_ADDF_V2_0P5)       0.4878    0.0042    0.0207     4.7326 f
  u_amber1/u_execute/u_alu/add_x_8/U99/B (SAEDHVT14_ND2B_U_0P5)                    0.0042    0.0429     4.7755 f
  u_amber1/u_execute/u_alu/add_x_8/U99/X (SAEDHVT14_ND2B_U_0P5)          0.3233    0.0043    0.0057     4.7813 r
  u_amber1/u_execute/u_alu/add_x_8/U130/A1 (SAEDHVT14_ND2_ECO_1)                   0.0043    0.0596     4.8409 r
  u_amber1/u_execute/u_alu/add_x_8/U130/X (SAEDHVT14_ND2_ECO_1)          0.3800    0.0047    0.0056     4.8465 f
  u_amber1/u_execute/u_alu/add_x_8/U145/A (SAEDLVT14_ADDF_V2_0P5)                  0.0047    0.0701     4.9166 f
  u_amber1/u_execute/u_alu/add_x_8/U145/S (SAEDLVT14_ADDF_V2_0P5)        0.2565    0.0026    0.0201     4.9367 r
  u_amber1/u_execute/u_alu/add_x_8/SUM\[30\] (a25_alu_0_DW01_add_J10_0_0)                    0.0000     4.9367 r
  u_amber1/u_execute/u_alu/U108/A1 (SAEDRVT14_AO21B_0P5)                           0.0026    0.0473     4.9840 r
  u_amber1/u_execute/u_alu/U108/X (SAEDRVT14_AO21B_0P5)                  0.4223    0.0051    0.0101     4.9941 r
  u_amber1/u_execute/u_alu/U109/B (SAEDRVT14_AO21_U_0P5)                           0.0051    0.0452     5.0392 r
  u_amber1/u_execute/u_alu/U109/X (SAEDRVT14_AO21_U_0P5)                 0.5259    0.0050    0.0094     5.0486 r
  u_amber1/u_execute/u_alu/o_out\[30\] (a25_alu_0)                                           0.0000     5.0486 r
  u_amber1/u_execute/U88/A (SAEDRVT14_BUF_U_0P5)                                   0.0050    0.0615     5.1102 r
  u_amber1/u_execute/U88/X (SAEDRVT14_BUF_U_0P5)                         1.4998    0.0102    0.0129     5.1231 r
  u_amber1/u_execute/add_x_11/A\[30\] (a25_execute_0_DW01_add_J3_1_0)                        0.0000     5.1231 r
  u_amber1/u_execute/add_x_11/U92/B (SAEDHVT14_AN2B_PMM_2)                         0.0102    0.0878     5.2108 r
  u_amber1/u_execute/add_x_11/U92/X (SAEDHVT14_AN2B_PMM_2)               0.2740    0.0022    0.0103     5.2212 r
  u_amber1/u_execute/add_x_11/U110/A2 (SAEDLVT14_EO2_1)                            0.0022    0.0505     5.2717 r
  u_amber1/u_execute/add_x_11/U110/X (SAEDLVT14_EO2_1)                   0.2367    0.0025    0.0122     5.2839 f
  u_amber1/u_execute/add_x_11/SUM\[31\] (a25_execute_0_DW01_add_J3_1_0)                      0.0000     5.2839 f
  u_amber1/u_execute/U85/A1 (SAEDRVT14_OA2BB2_V1_0P5)                              0.0025    0.0437     5.3276 f
  u_amber1/u_execute/U85/X (SAEDRVT14_OA2BB2_V1_0P5)                     0.3233    0.0073    0.0082     5.3357 r
  u_amber1/u_execute/U309/A1 (SAEDHVT14_ND2_ECO_1)                                 0.0073    0.0596     5.3954 r
  u_amber1/u_execute/U309/X (SAEDHVT14_ND2_ECO_1)                        0.2040    0.0044    0.0059     5.4013 f
  u_amber1/u_execute/U327/A1 (SAEDHVT14_AO22_1)                                    0.0044    0.0430     5.4443 f
  u_amber1/u_execute/U327/X (SAEDHVT14_AO22_1)                           0.2783    0.0034    0.0157     5.4600 f
  u_amber1/u_execute/o_daddress_reg\[31\]/D (SAEDLVT14_FDP_V2LP_1)                 0.0034    0.0513     5.5113 f
  data arrival time                                                                                     5.5113

  clock BRD_CLK_P (rise edge)                                                                3.0000     3.0000
  clock network delay (ideal)                                                                0.0000     3.0000
  u_amber1/u_execute/o_daddress_reg\[31\]/CK (SAEDLVT14_FDP_V2LP_1)                          0.0000     3.0000 r
  library setup time                                                                        -0.0054     2.9946
  data required time                                                                                    2.9946
  ---------------------------------------------------------------------------------------------------------------
  data required time                                                                                    2.9946
  data arrival time                                                                                    -5.5113
  ---------------------------------------------------------------------------------------------------------------
  slack (VIOLATED)                                                                                     -2.5167


  Startpoint: u_eth_top/rxethmac1/rxcounters1/ByteCnt_reg\[2\]
              (rising edge-triggered flip-flop clocked by mrx_clk)
  Endpoint: u_eth_top/maccontrol1/receivecontrol1/PauseTimer_reg\[1\]
            (rising edge-triggered flip-flop clocked by mrx_clk)
  Path Group: mrx_clk
  Path Type: max

  Des/Clust/Port     Wire Load Model       Library
  ------------------------------------------------
  system             70000                 saed14lvt_dlvl_tt0p8v25c_i0p8v

  Point                                                                             Cap     Trans      Incr       Path
  -----------------------------------------------------------------------------------------------------------------------
  clock mrx_clk (rise edge)                                                                          0.0000     0.0000
  clock network delay (ideal)                                                                        0.0000     0.0000
  u_eth_top/rxethmac1/rxcounters1/ByteCnt_reg\[2\]/CK (SAEDRVT14_FDPRBQ_V2_0P5)            0.0000    0.0000     0.0000 r
  u_eth_top/rxethmac1/rxcounters1/ByteCnt_reg\[2\]/Q (SAEDRVT14_FDPRBQ_V2_0P5)   3.8360    0.0249    0.0344     0.0344 r
  u_eth_top/rxethmac1/rxcounters1/add_x_4/A\[2\] (eth_rxcounters_DW01_add_J12_0)                     0.0000     0.0344 r
  u_eth_top/rxethmac1/rxcounters1/add_x_4/U54/A (SAEDHVT14_ADDH_0P5)                       0.0249    0.2389     0.2733 r
  u_eth_top/rxethmac1/rxcounters1/add_x_4/U54/CO (SAEDHVT14_ADDH_0P5)            0.6752    0.0064    0.0171     0.2904 r
  u_eth_top/rxethmac1/rxcounters1/add_x_4/U53/A (SAEDHVT14_ADDH_0P5)                       0.0064    0.1245     0.4149 r
  u_eth_top/rxethmac1/rxcounters1/add_x_4/U53/CO (SAEDHVT14_ADDH_0P5)            0.6752    0.0064    0.0117     0.4266 r
  u_eth_top/rxethmac1/rxcounters1/add_x_4/U52/A (SAEDHVT14_ADDH_0P5)                       0.0064    0.1245     0.5512 r
  u_eth_top/rxethmac1/rxcounters1/add_x_4/U52/CO (SAEDHVT14_ADDH_0P5)            0.6752    0.0064    0.0117     0.5628 r
  u_eth_top/rxethmac1/rxcounters1/add_x_4/U51/A (SAEDHVT14_ADDH_0P5)                       0.0064    0.1245     0.6874 r
  u_eth_top/rxethmac1/rxcounters1/add_x_4/U51/CO (SAEDHVT14_ADDH_0P5)            0.6752    0.0064    0.0117     0.6991 r
  u_eth_top/rxethmac1/rxcounters1/add_x_4/U50/A (SAEDHVT14_ADDH_0P5)                       0.0064    0.1245     0.8236 r
  u_eth_top/rxethmac1/rxcounters1/add_x_4/U50/CO (SAEDHVT14_ADDH_0P5)            0.6752    0.0063    0.0117     0.8353 r
  u_eth_top/rxethmac1/rxcounters1/add_x_4/U49/A (SAEDHVT14_ADDH_0P5)                       0.0063    0.1245     0.9598 r
  u_eth_top/rxethmac1/rxcounters1/add_x_4/U49/CO (SAEDHVT14_ADDH_0P5)            0.6752    0.0063    0.0117     0.9715 r
  u_eth_top/rxethmac1/rxcounters1/add_x_4/U48/A (SAEDHVT14_ADDH_0P5)                       0.0063    0.1245     1.0960 r
  u_eth_top/rxethmac1/rxcounters1/add_x_4/U48/CO (SAEDHVT14_ADDH_0P5)            0.6752    0.0064    0.0117     1.1077 r
  u_eth_top/rxethmac1/rxcounters1/add_x_4/U47/A (SAEDHVT14_ADDH_0P5)                       0.0064    0.1245     1.2322 r
  u_eth_top/rxethmac1/rxcounters1/add_x_4/U47/CO (SAEDHVT14_ADDH_0P5)            0.6752    0.0063    0.0117     1.2439 r
  u_eth_top/rxethmac1/rxcounters1/add_x_4/U46/A (SAEDHVT14_ADDH_0P5)                       0.0063    0.1245     1.3684 r
  u_eth_top/rxethmac1/rxcounters1/add_x_4/U46/CO (SAEDHVT14_ADDH_0P5)            0.6752    0.0064    0.0117     1.3801 r
  u_eth_top/rxethmac1/rxcounters1/add_x_4/U45/A (SAEDHVT14_ADDH_0P5)                       0.0064    0.1245     1.5047 r
  u_eth_top/rxethmac1/rxcounters1/add_x_4/U45/CO (SAEDHVT14_ADDH_0P5)            0.6752    0.0064    0.0117     1.5163 r
  u_eth_top/rxethmac1/rxcounters1/add_x_4/U44/A (SAEDHVT14_ADDH_0P5)                       0.0064    0.1245     1.6409 r
  u_eth_top/rxethmac1/rxcounters1/add_x_4/U44/CO (SAEDHVT14_ADDH_0P5)            0.6752    0.0064    0.0117     1.6526 r
  u_eth_top/rxethmac1/rxcounters1/add_x_4/U43/A (SAEDHVT14_ADDH_0P5)                       0.0064    0.1245     1.7771 r
  u_eth_top/rxethmac1/rxcounters1/add_x_4/U43/CO (SAEDHVT14_ADDH_0P5)            0.6752    0.0064    0.0117     1.7888 r
  u_eth_top/rxethmac1/rxcounters1/add_x_4/U42/A (SAEDHVT14_ADDH_0P5)                       0.0064    0.1245     1.9133 r
  u_eth_top/rxethmac1/rxcounters1/add_x_4/U42/CO (SAEDHVT14_ADDH_0P5)            0.5922    0.0058    0.0113     1.9246 r
  u_eth_top/rxethmac1/rxcounters1/add_x_4/U41/A1 (SAEDHVT14_EO2_V1_0P75)                   0.0058    0.1092     2.0338 r
  u_eth_top/rxethmac1/rxcounters1/add_x_4/U41/X (SAEDHVT14_EO2_V1_0P75)          2.5802    0.0299    0.0254     2.0592 f
  u_eth_top/rxethmac1/rxcounters1/add_x_4/SUM\[15\] (eth_rxcounters_DW01_add_J12_0)                  0.0000     2.0592 f
  u_eth_top/rxethmac1/rxcounters1/ByteCntOut\[15\] (eth_rxcounters)                                  0.0000     2.0592 f
  u_eth_top/rxethmac1/ByteCnt\[15\] (eth_rxethmac)                                                   0.0000     2.0592 f
  u_eth_top/macstatus1/RxByteCnt\[15\] (eth_macstatus)                                               0.0000     2.0592 f
  u_eth_top/macstatus1/lte_x_4/A\[15\] (eth_macstatus_DW_cmp_J17_3)                                  0.0000     2.0592 f
  u_eth_top/macstatus1/lte_x_4/U450/A (SAEDHVT14_INV_0P5)                                  0.0299    0.0948     2.1540 f
  u_eth_top/macstatus1/lte_x_4/U450/X (SAEDHVT14_INV_0P5)                        0.9610    0.0113    0.0151     2.1691 r
  u_eth_top/macstatus1/lte_x_4/U452/A1 (SAEDHVT14_OA2BB2_V1_1)                             0.0113    0.1097     2.2788 r
  u_eth_top/macstatus1/lte_x_4/U452/X (SAEDHVT14_OA2BB2_V1_1)                    0.6671    0.0097    0.0116     2.2904 f
  u_eth_top/macstatus1/lte_x_4/U456/B (SAEDHVT14_AN2B_MM_1)                                0.0097    0.0804     2.3708 f
  u_eth_top/macstatus1/lte_x_4/U456/X (SAEDHVT14_AN2B_MM_1)                      0.5972    0.0029    0.0110     2.3817 f
  u_eth_top/macstatus1/lte_x_4/U488/B1 (SAEDHVT14_AO221_0P5)                               0.0029    0.0691     2.4508 f
  u_eth_top/macstatus1/lte_x_4/U488/X (SAEDHVT14_AO221_0P5)                      0.2876    0.0049    0.0195     2.4703 f
  u_eth_top/macstatus1/lte_x_4/U489/B (SAEDHVT14_AOI21_0P5)                                0.0049    0.0530     2.5233 f
  u_eth_top/macstatus1/lte_x_4/U489/X (SAEDHVT14_AOI21_0P5)                      0.2584    0.0054    0.0064     2.5297 r
  u_eth_top/macstatus1/lte_x_4/GE_LT_GT_LE (eth_macstatus_DW_cmp_J17_3)                              0.0000     2.5297 r
  u_eth_top/macstatus1/U50/A1 (SAEDRVT14_AN2_MM_0P5)                                       0.0054    0.0477     2.5774 r
  u_eth_top/macstatus1/U50/X (SAEDRVT14_AN2_MM_0P5)                              0.2966    0.0031    0.0080     2.5854 r
  u_eth_top/macstatus1/ReceivedLengthOK (eth_macstatus)                                              0.0000     2.5854 r
  u_eth_top/maccontrol1/ReceivedLengthOK (eth_maccontrol)                                            0.0000     2.5854 r
  u_eth_top/maccontrol1/receivecontrol1/ReceivedLengthOK (eth_receivecontrol)                        0.0000     2.5854 r
  u_eth_top/maccontrol1/receivecontrol1/U204/A1 (SAEDHVT14_AN4_0P75)                       0.0031    0.0547     2.6401 r
  u_eth_top/maccontrol1/receivecontrol1/U204/X (SAEDHVT14_AN4_0P75)              0.3245    0.0044    0.0115     2.6516 r
  u_eth_top/maccontrol1/receivecontrol1/U13/A2 (SAEDHVT14_ND2_CDC_0P5)                     0.0044    0.0599     2.7115 r
  u_eth_top/maccontrol1/receivecontrol1/U13/X (SAEDHVT14_ND2_CDC_0P5)            0.9891    0.0068    0.0070     2.7185 f
  u_eth_top/maccontrol1/receivecontrol1/U14/A (SAEDHVT14_INV_0P5)                          0.0068    0.0634     2.7819 f
  u_eth_top/maccontrol1/receivecontrol1/U14/X (SAEDHVT14_INV_0P5)                1.3617    0.0078    0.0091     2.7910 r
  u_eth_top/maccontrol1/receivecontrol1/U5/B (SAEDHVT14_AO21_U_0P5)                        0.0078    0.0578     2.8488 r
  u_eth_top/maccontrol1/receivecontrol1/U5/X (SAEDHVT14_AO21_U_0P5)              0.7409    0.0071    0.0130     2.8618 r
  u_eth_top/maccontrol1/receivecontrol1/U8/A (SAEDHVT14_INV_0P5)                           0.0071    0.0582     2.9200 r
  u_eth_top/maccontrol1/receivecontrol1/U8/X (SAEDHVT14_INV_0P5)                 1.9606    0.0117    0.0126     2.9326 f
  u_eth_top/maccontrol1/receivecontrol1/U207/A2 (SAEDHVT14_NR2_MM_0P5)                     0.0117    0.0864     3.0190 f
  u_eth_top/maccontrol1/receivecontrol1/U207/X (SAEDHVT14_NR2_MM_0P5)            8.3434    0.0695    0.0572     3.0762 r
  u_eth_top/maccontrol1/receivecontrol1/U220/C2 (SAEDHVT14_AO222_1)                        0.0695    0.3383     3.4145 r
  u_eth_top/maccontrol1/receivecontrol1/U220/X (SAEDHVT14_AO222_1)               0.2629    0.0067    0.0369     3.4514 r
  u_eth_top/maccontrol1/receivecontrol1/PauseTimer_reg\[1\]/D (SAEDRVT14_FDPRBQ_V2_0P5)    0.0067    0.0485     3.4999 r
  data arrival time                                                                                             3.4999

  clock mrx_clk (rise edge)                                                                         40.0000    40.0000
  clock network delay (ideal)                                                                        0.0000    40.0000
  clock uncertainty                                                                                 -0.1000    39.9000
  u_eth_top/maccontrol1/receivecontrol1/PauseTimer_reg\[1\]/CK (SAEDRVT14_FDPRBQ_V2_0P5)             0.0000    39.9000 r
  library setup time                                                                                -0.0110    39.8890
  data required time                                                                                           39.8890
  -----------------------------------------------------------------------------------------------------------------------
  data required time                                                                                           39.8890
  data arrival time                                                                                            -3.4999
  -----------------------------------------------------------------------------------------------------------------------
  slack (MET)                                                                                                  36.3891


  Startpoint: u_eth_top/txethmac1/txcounters1/NibCnt_reg\[0\]
              (rising edge-triggered flip-flop clocked by mtx_clk)
  Endpoint: u_eth_top/txethmac1/txcounters1/NibCnt_reg\[15\]
            (rising edge-triggered flip-flop clocked by mtx_clk)
  Path Group: mtx_clk
  Path Type: max

  Des/Clust/Port     Wire Load Model       Library
  ------------------------------------------------
  system             70000                 saed14lvt_dlvl_tt0p8v25c_i0p8v

  Point                                                                         Cap     Trans      Incr       Path
  -------------------------------------------------------------------------------------------------------------------
  clock mtx_clk (rise edge)                                                                      0.0000     0.0000
  clock network delay (ideal)                                                                    0.0000     0.0000
  u_eth_top/txethmac1/txcounters1/NibCnt_reg\[0\]/CK (SAEDRVT14_FDPRBQ_V2_0P5)         0.0000    0.0000     0.0000 r
  u_eth_top/txethmac1/txcounters1/NibCnt_reg\[0\]/Q (SAEDRVT14_FDPRBQ_V2_0P5)   3.9362   0.0256   0.0349    0.0349 r
  u_eth_top/txethmac1/txcounters1/add_x_1/A\[0\] (eth_txcounters_DW01_inc_J17_1)                 0.0000     0.0349 r
  u_eth_top/txethmac1/txcounters1/add_x_1/U55/A (SAEDHVT14_ADDH_0P5)                   0.0256    0.3228     0.3576 r
  u_eth_top/txethmac1/txcounters1/add_x_1/U55/CO (SAEDHVT14_ADDH_0P5)        0.6752    0.0064    0.0172     0.3749 r
  u_eth_top/txethmac1/txcounters1/add_x_1/U54/A (SAEDHVT14_ADDH_0P5)                   0.0064    0.1245     0.4994 r
  u_eth_top/txethmac1/txcounters1/add_x_1/U54/CO (SAEDHVT14_ADDH_0P5)        0.6752    0.0064    0.0117     0.5111 r
  u_eth_top/txethmac1/txcounters1/add_x_1/U53/A (SAEDHVT14_ADDH_0P5)                   0.0064    0.1245     0.6356 r
  u_eth_top/txethmac1/txcounters1/add_x_1/U53/CO (SAEDHVT14_ADDH_0P5)        0.6752    0.0064    0.0117     0.6473 r
  u_eth_top/txethmac1/txcounters1/add_x_1/U52/A (SAEDHVT14_ADDH_0P5)                   0.0064    0.1245     0.7719 r
  u_eth_top/txethmac1/txcounters1/add_x_1/U52/CO (SAEDHVT14_ADDH_0P5)        0.6752    0.0064    0.0117     0.7836 r
  u_eth_top/txethmac1/txcounters1/add_x_1/U51/A (SAEDHVT14_ADDH_0P5)                   0.0064    0.1245     0.9081 r
  u_eth_top/txethmac1/txcounters1/add_x_1/U51/CO (SAEDHVT14_ADDH_0P5)        0.6752    0.0066    0.0117     0.9198 r
  u_eth_top/txethmac1/txcounters1/add_x_1/U50/A (SAEDHVT14_ADDH_0P5)                   0.0066    0.1245     1.0444 r
  u_eth_top/txethmac1/txcounters1/add_x_1/U50/CO (SAEDHVT14_ADDH_0P5)        0.6752    0.0065    0.0118     1.0561 r
  u_eth_top/txethmac1/txcounters1/add_x_1/U49/A (SAEDHVT14_ADDH_0P5)                   0.0065    0.1245     1.1807 r
  u_eth_top/txethmac1/txcounters1/add_x_1/U49/CO (SAEDHVT14_ADDH_0P5)        0.6752    0.0062    0.0117     1.1924 r
  u_eth_top/txethmac1/txcounters1/add_x_1/U48/A (SAEDHVT14_ADDH_0P5)                   0.0062    0.1245     1.3169 r
  u_eth_top/txethmac1/txcounters1/add_x_1/U48/CO (SAEDHVT14_ADDH_0P5)        0.6752    0.0062    0.0116     1.3285 r
  u_eth_top/txethmac1/txcounters1/add_x_1/U47/A (SAEDHVT14_ADDH_0P5)                   0.0062    0.1245     1.4531 r
  u_eth_top/txethmac1/txcounters1/add_x_1/U47/CO (SAEDHVT14_ADDH_0P5)        0.6752    0.0062    0.0116     1.4647 r
  u_eth_top/txethmac1/txcounters1/add_x_1/U46/A (SAEDHVT14_ADDH_0P5)                   0.0062    0.1245     1.5892 r
  u_eth_top/txethmac1/txcounters1/add_x_1/U46/CO (SAEDHVT14_ADDH_0P5)        0.6752    0.0062    0.0116     1.6008 r
  u_eth_top/txethmac1/txcounters1/add_x_1/U45/A (SAEDHVT14_ADDH_0P5)                   0.0062    0.1245     1.7253 r
  u_eth_top/txethmac1/txcounters1/add_x_1/U45/CO (SAEDHVT14_ADDH_0P5)        0.6752    0.0062    0.0116     1.7370 r
  u_eth_top/txethmac1/txcounters1/add_x_1/U44/A (SAEDHVT14_ADDH_0P5)                   0.0062    0.1245     1.8615 r
  u_eth_top/txethmac1/txcounters1/add_x_1/U44/CO (SAEDHVT14_ADDH_0P5)        0.6752    0.0062    0.0116     1.8731 r
  u_eth_top/txethmac1/txcounters1/add_x_1/U56/A (SAEDHVT14_ADDH_0P5)                   0.0062    0.1245     1.9977 r
  u_eth_top/txethmac1/txcounters1/add_x_1/U56/CO (SAEDHVT14_ADDH_0P5)        0.6752    0.0062    0.0116     2.0093 r
  u_eth_top/txethmac1/txcounters1/add_x_1/U57/A (SAEDHVT14_ADDH_0P5)                   0.0062    0.1245     2.1338 r
  u_eth_top/txethmac1/txcounters1/add_x_1/U57/CO (SAEDHVT14_ADDH_0P5)        0.5922    0.0056    0.0112     2.1450 r
  u_eth_top/txethmac1/txcounters1/add_x_1/U58/A1 (SAEDHVT14_EO2_V1_0P75)               0.0056    0.1092     2.2542 r
  u_eth_top/txethmac1/txcounters1/add_x_1/U58/X (SAEDHVT14_EO2_V1_0P75)      0.3082    0.0075    0.0090     2.2632 f
  u_eth_top/txethmac1/txcounters1/add_x_1/SUM\[15\] (eth_txcounters_DW01_inc_J17_1)              0.0000     2.2632 f
  u_eth_top/txethmac1/txcounters1/U109/A2 (SAEDHVT14_OA221_U_0P5)                      0.0075    0.0568     2.3201 f
  u_eth_top/txethmac1/txcounters1/U109/X (SAEDHVT14_OA221_U_0P5)             0.2629    0.0055    0.0238     2.3439 f
  u_eth_top/txethmac1/txcounters1/NibCnt_reg\[15\]/D (SAEDRVT14_FDPRBQ_V2_0P5)         0.0055    0.0485     2.3924 f
  data arrival time                                                                                         2.3924

  clock mtx_clk (rise edge)                                                                     40.0000    40.0000
  clock network delay (ideal)                                                                    0.0000    40.0000
  clock uncertainty                                                                             -0.1000    39.9000
  u_eth_top/txethmac1/txcounters1/NibCnt_reg\[15\]/CK (SAEDRVT14_FDPRBQ_V2_0P5)                  0.0000    39.9000 r
  library setup time                                                                            -0.0175    39.8825
  data required time                                                                                       39.8825
  -------------------------------------------------------------------------------------------------------------------
  data required time                                                                                       39.8825
  data arrival time                                                                                        -2.3924
  -------------------------------------------------------------------------------------------------------------------
  slack (MET)                                                                                              37.4901


1
