Warning: Design 'system' has '5' unresolved references. For more detailed information, use the "link" command. (UID-341)
 
****************************************
Report : threshold voltage group
        -analysis_effort low
Design : system
Version: X-2025.06-SP1
Date   : Mon Nov 24 14:09:40 2025
****************************************

********************************************************************************
                        Threshold Voltage Group Report                         
********************************************************************************

Information: Propagating switching activity (low effort zero delay simulation). (PWR-6)
Warning: Design has unannotated primary inputs. (PWR-414)
Warning: Design has unannotated sequential cell outputs. (PWR-415)
Warning: Design has unannotated black box outputs. (PWR-428)

Vth Group                All                Blackbox           Non-blackbox
Name                    cells                cells                cells
********************************************************************************
undefined           38661 (100.00%)         23 (100.00%)      38638 (100.00%)   
********************************************************************************

Vth Group                All                Blackbox           Non-blackbox
Name                  cell area            cell area            cell area
********************************************************************************
undefined        66911.22 (100.00%)   45366.80 (100.00%)   21544.42 (100.00%)   
********************************************************************************

Vth Group                All                Blackbox           Non-blackbox
Name                 cell leakage        cell leakage          cell leakage
********************************************************************************
undefined       990.761uW (100.00%)  844.169nW (100.00%)  989.917uW (100.00%)   
********************************************************************************

1
